Archive member included to satisfy reference by file (symbol)

c:/st/stm32cubeide_1.9.0/stm32cubeide/plugins/com.st.stm32cube.ide.mcu.externaltools.gnu-tools-for-stm32.10.3-2021.10.win32_1.0.0.202111181127/tools/bin/../lib/gcc/arm-none-eabi/10.3.1/../../../../arm-none-eabi/lib/thumb/v7-m/nofp\libc_nano.a(lib_a-errno.o)
                              ./Core/Src/syscalls.o (__errno)
c:/st/stm32cubeide_1.9.0/stm32cubeide/plugins/com.st.stm32cube.ide.mcu.externaltools.gnu-tools-for-stm32.10.3-2021.10.win32_1.0.0.202111181127/tools/bin/../lib/gcc/arm-none-eabi/10.3.1/../../../../arm-none-eabi/lib/thumb/v7-m/nofp\libc_nano.a(lib_a-exit.o)
                              c:/st/stm32cubeide_1.9.0/stm32cubeide/plugins/com.st.stm32cube.ide.mcu.externaltools.gnu-tools-for-stm32.10.3-2021.10.win32_1.0.0.202111181127/tools/bin/../lib/gcc/arm-none-eabi/10.3.1/../../../../arm-none-eabi/lib/thumb/v7-m/nofp/crt0.o (exit)
c:/st/stm32cubeide_1.9.0/stm32cubeide/plugins/com.st.stm32cube.ide.mcu.externaltools.gnu-tools-for-stm32.10.3-2021.10.win32_1.0.0.202111181127/tools/bin/../lib/gcc/arm-none-eabi/10.3.1/../../../../arm-none-eabi/lib/thumb/v7-m/nofp\libc_nano.a(lib_a-impure.o)
                              c:/st/stm32cubeide_1.9.0/stm32cubeide/plugins/com.st.stm32cube.ide.mcu.externaltools.gnu-tools-for-stm32.10.3-2021.10.win32_1.0.0.202111181127/tools/bin/../lib/gcc/arm-none-eabi/10.3.1/../../../../arm-none-eabi/lib/thumb/v7-m/nofp\libc_nano.a(lib_a-exit.o) (_global_impure_ptr)
c:/st/stm32cubeide_1.9.0/stm32cubeide/plugins/com.st.stm32cube.ide.mcu.externaltools.gnu-tools-for-stm32.10.3-2021.10.win32_1.0.0.202111181127/tools/bin/../lib/gcc/arm-none-eabi/10.3.1/../../../../arm-none-eabi/lib/thumb/v7-m/nofp\libc_nano.a(lib_a-init.o)
                              c:/st/stm32cubeide_1.9.0/stm32cubeide/plugins/com.st.stm32cube.ide.mcu.externaltools.gnu-tools-for-stm32.10.3-2021.10.win32_1.0.0.202111181127/tools/bin/../lib/gcc/arm-none-eabi/10.3.1/../../../../arm-none-eabi/lib/thumb/v7-m/nofp/crt0.o (__libc_init_array)
c:/st/stm32cubeide_1.9.0/stm32cubeide/plugins/com.st.stm32cube.ide.mcu.externaltools.gnu-tools-for-stm32.10.3-2021.10.win32_1.0.0.202111181127/tools/bin/../lib/gcc/arm-none-eabi/10.3.1/../../../../arm-none-eabi/lib/thumb/v7-m/nofp\libc_nano.a(lib_a-memset.o)
                              c:/st/stm32cubeide_1.9.0/stm32cubeide/plugins/com.st.stm32cube.ide.mcu.externaltools.gnu-tools-for-stm32.10.3-2021.10.win32_1.0.0.202111181127/tools/bin/../lib/gcc/arm-none-eabi/10.3.1/../../../../arm-none-eabi/lib/thumb/v7-m/nofp/crt0.o (memset)

Discarded input sections

 .text          0x0000000000000000        0x0 c:/st/stm32cubeide_1.9.0/stm32cubeide/plugins/com.st.stm32cube.ide.mcu.externaltools.gnu-tools-for-stm32.10.3-2021.10.win32_1.0.0.202111181127/tools/bin/../lib/gcc/arm-none-eabi/10.3.1/thumb/v7-m/nofp/crti.o
 .data          0x0000000000000000        0x0 c:/st/stm32cubeide_1.9.0/stm32cubeide/plugins/com.st.stm32cube.ide.mcu.externaltools.gnu-tools-for-stm32.10.3-2021.10.win32_1.0.0.202111181127/tools/bin/../lib/gcc/arm-none-eabi/10.3.1/thumb/v7-m/nofp/crti.o
 .bss           0x0000000000000000        0x0 c:/st/stm32cubeide_1.9.0/stm32cubeide/plugins/com.st.stm32cube.ide.mcu.externaltools.gnu-tools-for-stm32.10.3-2021.10.win32_1.0.0.202111181127/tools/bin/../lib/gcc/arm-none-eabi/10.3.1/thumb/v7-m/nofp/crti.o
 .data          0x0000000000000000        0x4 c:/st/stm32cubeide_1.9.0/stm32cubeide/plugins/com.st.stm32cube.ide.mcu.externaltools.gnu-tools-for-stm32.10.3-2021.10.win32_1.0.0.202111181127/tools/bin/../lib/gcc/arm-none-eabi/10.3.1/thumb/v7-m/nofp/crtbegin.o
 .rodata        0x0000000000000000       0x24 c:/st/stm32cubeide_1.9.0/stm32cubeide/plugins/com.st.stm32cube.ide.mcu.externaltools.gnu-tools-for-stm32.10.3-2021.10.win32_1.0.0.202111181127/tools/bin/../lib/gcc/arm-none-eabi/10.3.1/thumb/v7-m/nofp/crtbegin.o
 .text          0x0000000000000000       0x7c c:/st/stm32cubeide_1.9.0/stm32cubeide/plugins/com.st.stm32cube.ide.mcu.externaltools.gnu-tools-for-stm32.10.3-2021.10.win32_1.0.0.202111181127/tools/bin/../lib/gcc/arm-none-eabi/10.3.1/../../../../arm-none-eabi/lib/thumb/v7-m/nofp/crt0.o
 .data          0x0000000000000000        0x0 c:/st/stm32cubeide_1.9.0/stm32cubeide/plugins/com.st.stm32cube.ide.mcu.externaltools.gnu-tools-for-stm32.10.3-2021.10.win32_1.0.0.202111181127/tools/bin/../lib/gcc/arm-none-eabi/10.3.1/../../../../arm-none-eabi/lib/thumb/v7-m/nofp/crt0.o
 .bss           0x0000000000000000        0x0 c:/st/stm32cubeide_1.9.0/stm32cubeide/plugins/com.st.stm32cube.ide.mcu.externaltools.gnu-tools-for-stm32.10.3-2021.10.win32_1.0.0.202111181127/tools/bin/../lib/gcc/arm-none-eabi/10.3.1/../../../../arm-none-eabi/lib/thumb/v7-m/nofp/crt0.o
[...]
Memory Configuration

Name             Origin             Length             Attributes
RAM              0x0000000020000000 0x0000000000005000 xrw
FLASH            0x0000000008000000 0x0000000000010000 xr
*default*        0x0000000000000000 0xffffffffffffffff

Linker script and memory map

LOAD c:/st/stm32cubeide_1.9.0/stm32cubeide/plugins/com.st.stm32cube.ide.mcu.externaltools.gnu-tools-for-stm32.10.3-2021.10.win32_1.0.0.202111181127/tools/bin/../lib/gcc/arm-none-eabi/10.3.1/thumb/v7-m/nofp/crti.o
LOAD c:/st/stm32cubeide_1.9.0/stm32cubeide/plugins/com.st.stm32cube.ide.mcu.externaltools.gnu-tools-for-stm32.10.3-2021.10.win32_1.0.0.202111181127/tools/bin/../lib/gcc/arm-none-eabi/10.3.1/thumb/v7-m/nofp/crtbegin.o
LOAD c:/st/stm32cubeide_1.9.0/stm32cubeide/plugins/com.st.stm32cube.ide.mcu.externaltools.gnu-tools-for-stm32.10.3-2021.10.win32_1.0.0.202111181127/tools/bin/../lib/gcc/arm-none-eabi/10.3.1/../../../../arm-none-eabi/lib/thumb/v7-m/nofp/crt0.o
LOAD ./Core/Src/dma.o
LOAD ./Core/Src/gpio.o
LOAD ./Core/Src/main.o
LOAD ./Core/Src/stm32f1xx_hal_msp.o
LOAD ./Core/Src/stm32f1xx_it.o
LOAD ./Core/Src/syscalls.o
LOAD ./Core/Src/sysmem.o
LOAD ./Core/Src/system_stm32f1xx.o
LOAD ./Core/Src/usart.o
LOAD ./Core/Startup/startup_stm32f103c8tx.o
LOAD ./Drivers/STM32F1xx_HAL_Driver/Src/stm32f1xx_hal.o
LOAD ./Drivers/STM32F1xx_HAL_Driver/Src/stm32f1xx_hal_cortex.o
LOAD ./Drivers/STM32F1xx_HAL_Driver/Src/stm32f1xx_hal_dma.o
LOAD ./Drivers/STM32F1xx_HAL_Driver/Src/stm32f1xx_hal_exti.o
LOAD ./Drivers/STM32F1xx_HAL_Driver/Src/stm32f1xx_hal_flash.o
LOAD ./Drivers/STM32F1xx_HAL_Driver/Src/stm32f1xx_hal_flash_ex.o
LOAD ./Drivers/STM32F1xx_HAL_Driver/Src/stm32f1xx_hal_gpio.o
LOAD ./Drivers/STM32F1xx_HAL_Driver/Src/stm32f1xx_hal_gpio_ex.o
LOAD ./Drivers/STM32F1xx_HAL_Driver/Src/stm32f1xx_hal_pwr.o
LOAD ./Drivers/STM32F1xx_HAL_Driver/Src/stm32f1xx_hal_rcc.o
LOAD ./Drivers/STM32F1xx_HAL_Driver/Src/stm32f1xx_hal_rcc_ex.o
LOAD ./Drivers/STM32F1xx_HAL_Driver/Src/stm32f1xx_hal_tim.o
LOAD ./Drivers/STM32F1xx_HAL_Driver/Src/stm32f1xx_hal_tim_ex.o
LOAD ./Drivers/STM32F1xx_HAL_Driver/Src/stm32f1xx_hal_uart.o
START GROUP
LOAD c:/st/stm32cubeide_1.9.0/stm32cubeide/plugins/com.st.stm32cube.ide.mcu.externaltools.gnu-tools-for-stm32.10.3-2021.10.win32_1.0.0.202111181127/tools/bin/../lib/gcc/arm-none-eabi/10.3.1/../../../../arm-none-eabi/lib/thumb/v7-m/nofp\libc_nano.a
LOAD c:/st/stm32cubeide_1.9.0/stm32cubeide/plugins/com.st.stm32cube.ide.mcu.externaltools.gnu-tools-for-stm32.10.3-2021.10.win32_1.0.0.202111181127/tools/bin/../lib/gcc/arm-none-eabi/10.3.1/../../../../arm-none-eabi/lib/thumb/v7-m/nofp\libm.a
END GROUP
START GROUP
LOAD c:/st/stm32cubeide_1.9.0/stm32cubeide/plugins/com.st.stm32cube.ide.mcu.externaltools.gnu-tools-for-stm32.10.3-2021.10.win32_1.0.0.202111181127/tools/bin/../lib/gcc/arm-none-eabi/10.3.1/thumb/v7-m/nofp\libgcc.a
LOAD c:/st/stm32cubeide_1.9.0/stm32cubeide/plugins/com.st.stm32cube.ide.mcu.externaltools.gnu-tools-for-stm32.10.3-2021.10.win32_1.0.0.202111181127/tools/bin/../lib/gcc/arm-none-eabi/10.3.1/../../../../arm-none-eabi/lib/thumb/v7-m/nofp\libc_nano.a
END GROUP
START GROUP
LOAD c:/st/stm32cubeide_1.9.0/stm32cubeide/plugins/com.st.stm32cube.ide.mcu.externaltools.gnu-tools-for-stm32.10.3-2021.10.win32_1.0.0.202111181127/tools/bin/../lib/gcc/arm-none-eabi/10.3.1/thumb/v7-m/nofp\libgcc.a
LOAD c:/st/stm32cubeide_1.9.0/stm32cubeide/plugins/com.st.stm32cube.ide.mcu.externaltools.gnu-tools-for-stm32.10.3-2021.10.win32_1.0.0.202111181127/tools/bin/../lib/gcc/arm-none-eabi/10.3.1/../../../../arm-none-eabi/lib/thumb/v7-m/nofp\libc_nano.a
LOAD c:/st/stm32cubeide_1.9.0/stm32cubeide/plugins/com.st.stm32cube.ide.mcu.externaltools.gnu-tools-for-stm32.10.3-2021.10.win32_1.0.0.202111181127/tools/bin/../lib/gcc/arm-none-eabi/10.3.1/../../../../arm-none-eabi/lib/thumb/v7-m/nofp\libnosys.a
END GROUP
START GROUP
LOAD c:/st/stm32cubeide_1.9.0/stm32cubeide/plugins/com.st.stm32cube.ide.mcu.externaltools.gnu-tools-for-stm32.10.3-2021.10.win32_1.0.0.202111181127/tools/bin/../lib/gcc/arm-none-eabi/10.3.1/thumb/v7-m/nofp\libgcc.a
LOAD c:/st/stm32cubeide_1.9.0/stm32cubeide/plugins/com.st.stm32cube.ide.mcu.externaltools.gnu-tools-for-stm32.10.3-2021.10.win32_1.0.0.202111181127/tools/bin/../lib/gcc/arm-none-eabi/10.3.1/../../../../arm-none-eabi/lib/thumb/v7-m/nofp\libc_nano.a
LOAD c:/st/stm32cubeide_1.9.0/stm32cubeide/plugins/com.st.stm32cube.ide.mcu.externaltools.gnu-tools-for-stm32.10.3-2021.10.win32_1.0.0.202111181127/tools/bin/../lib/gcc/arm-none-eabi/10.3.1/../../../../arm-none-eabi/lib/thumb/v7-m/nofp\libnosys.a
END GROUP
LOAD c:/st/stm32cubeide_1.9.0/stm32cubeide/plugins/com.st.stm32cube.ide.mcu.externaltools.gnu-tools-for-stm32.10.3-2021.10.win32_1.0.0.202111181127/tools/bin/../lib/gcc/arm-none-eabi/10.3.1/thumb/v7-m/nofp/crtend.o
LOAD c:/st/stm32cubeide_1.9.0/stm32cubeide/plugins/com.st.stm32cube.ide.mcu.externaltools.gnu-tools-for-stm32.10.3-2021.10.win32_1.0.0.202111181127/tools/bin/../lib/gcc/arm-none-eabi/10.3.1/thumb/v7-m/nofp/crtn.o
                0x0000000020005000                _estack = (ORIGIN (RAM) + LENGTH (RAM))
                0x0000000000000200                _Min_Heap_Size = 0x200
                0x0000000000000400                _Min_Stack_Size = 0x400

.isr_vector     0x0000000008000000      0x10c
                0x0000000008000000                . = ALIGN (0x4)
 *(.isr_vector)
 .isr_vector    0x0000000008000000      0x10c ./Core/Startup/startup_stm32f103c8tx.o
                0x0000000008000000                g_pfnVectors
                0x000000000800010c                . = ALIGN (0x4)

.text           0x000000000800010c     0x287c
                0x000000000800010c                . = ALIGN (0x4)
 *(.text)
 .text          0x000000000800010c       0x40 c:/st/stm32cubeide_1.9.0/stm32cubeide/plugins/com.st.stm32cube.ide.mcu.externaltools.gnu-tools-for-stm32.10.3-2021.10.win32_1.0.0.202111181127/tools/bin/../lib/gcc/arm-none-eabi/10.3.1/thumb/v7-m/nofp/crtbegin.o
 *(.text*)
 .text.MX_DMA_Init
                0x000000000800014c       0x4c ./Core/Src/dma.o
                0x000000000800014c                MX_DMA_Init
 .text.MX_GPIO_Init
                0x0000000008000198       0x44 ./Core/Src/gpio.o
                0x0000000008000198                MX_GPIO_Init
 .text.main     0x00000000080001dc       0x3c ./Core/Src/main.o
                0x00000000080001dc                main
 .text.SystemClock_Config
                0x0000000008000218       0x8a ./Core/Src/main.o
                0x0000000008000218                SystemClock_Config
 *fill*         0x00000000080002a2        0x2 
 .text.USART1_RX_Proc
                0x00000000080002a4       0x88 ./Core/Src/main.o
                0x00000000080002a4                USART1_RX_Proc
 .text.Error_Handler
                0x000000000800032c        0xa ./Core/Src/main.o
                0x000000000800032c                Error_Handler
 *fill*         0x0000000008000336        0x2 
 .text.HAL_MspInit
                0x0000000008000338       0x64 ./Core/Src/stm32f1xx_hal_msp.o
                0x0000000008000338                HAL_MspInit
 .text.NMI_Handler
                0x000000000800039c        0x6 ./Core/Src/stm32f1xx_it.o
                0x000000000800039c                NMI_Handler
 .text.HardFault_Handler
                0x00000000080003a2        0x6 ./Core/Src/stm32f1xx_it.o
                0x00000000080003a2                HardFault_Handler
 .text.MemManage_Handler
                0x00000000080003a8        0x6 ./Core/Src/stm32f1xx_it.o
                0x00000000080003a8                MemManage_Handler
 .text.BusFault_Handler
                0x00000000080003ae        0x6 ./Core/Src/stm32f1xx_it.o
                0x00000000080003ae                BusFault_Handler
 .text.UsageFault_Handler
                0x00000000080003b4        0x6 ./Core/Src/stm32f1xx_it.o
                0x00000000080003b4                UsageFault_Handler
 .text.SVC_Handler
                0x00000000080003ba        0xc ./Core/Src/stm32f1xx_it.o
                0x00000000080003ba                SVC_Handler
 .text.DebugMon_Handler
                0x00000000080003c6        0xc ./Core/Src/stm32f1xx_it.o
                0x00000000080003c6                DebugMon_Handler
 .text.PendSV_Handler
                0x00000000080003d2        0xc ./Core/Src/stm32f1xx_it.o
                0x00000000080003d2                PendSV_Handler
 .text.SysTick_Handler
                0x00000000080003de        0xc ./Core/Src/stm32f1xx_it.o
                0x00000000080003de                SysTick_Handler
 *fill*         0x00000000080003ea        0x2 
 .text.DMA1_Channel4_IRQHandler
                0x00000000080003ec       0x14 ./Core/Src/stm32f1xx_it.o
                0x00000000080003ec                DMA1_Channel4_IRQHandler
 .text.DMA1_Channel5_IRQHandler
                0x0000000008000400       0x14 ./Core/Src/stm32f1xx_it.o
                0x0000000008000400                DMA1_Channel5_IRQHandler
 .text.USART1_IRQHandler
                0x0000000008000414       0x7c ./Core/Src/stm32f1xx_it.o
                0x0000000008000414                USART1_IRQHandler
 .text.SystemInit
                0x0000000008000490        0xc ./Core/Src/system_stm32f1xx.o
                0x0000000008000490                SystemInit
 .text.MX_USART1_UART_Init
                0x000000000800049c       0x54 ./Core/Src/usart.o
                0x000000000800049c                MX_USART1_UART_Init
 .text.HAL_UART_MspInit
                0x00000000080004f0      0x154 ./Core/Src/usart.o
                0x00000000080004f0                HAL_UART_MspInit
 .text.Reset_Handler
                0x0000000008000644       0x48 ./Core/Startup/startup_stm32f103c8tx.o
                0x0000000008000644                Reset_Handler
 .text.Default_Handler
                0x000000000800068c        0x2 ./Core/Startup/startup_stm32f103c8tx.o
                0x000000000800068c                RTC_Alarm_IRQHandler
                0x000000000800068c                EXTI2_IRQHandler
                0x000000000800068c                TIM1_CC_IRQHandler
                0x000000000800068c                PVD_IRQHandler
                0x000000000800068c                EXTI3_IRQHandler
                0x000000000800068c                EXTI0_IRQHandler
                0x000000000800068c                I2C2_EV_IRQHandler
                0x000000000800068c                ADC1_2_IRQHandler
                0x000000000800068c                SPI1_IRQHandler
                0x000000000800068c                TAMPER_IRQHandler
                0x000000000800068c                USART3_IRQHandler
                0x000000000800068c                RTC_IRQHandler
                0x000000000800068c                DMA1_Channel7_IRQHandler
                0x000000000800068c                CAN1_RX1_IRQHandler
                0x000000000800068c                TIM4_IRQHandler
                0x000000000800068c                I2C1_EV_IRQHandler
                0x000000000800068c                DMA1_Channel6_IRQHandler
                0x000000000800068c                TIM3_IRQHandler
                0x000000000800068c                RCC_IRQHandler
                0x000000000800068c                TIM1_TRG_COM_IRQHandler
                0x000000000800068c                DMA1_Channel1_IRQHandler
                0x000000000800068c                Default_Handler
                0x000000000800068c                EXTI15_10_IRQHandler
                0x000000000800068c                EXTI9_5_IRQHandler
                0x000000000800068c                SPI2_IRQHandler
                0x000000000800068c                EXTI4_IRQHandler
                0x000000000800068c                USB_LP_CAN1_RX0_IRQHandler
                0x000000000800068c                USB_HP_CAN1_TX_IRQHandler
                0x000000000800068c                DMA1_Channel3_IRQHandler
                0x000000000800068c                TIM1_UP_IRQHandler
                0x000000000800068c                WWDG_IRQHandler
                0x000000000800068c                TIM2_IRQHandler
                0x000000000800068c                TIM1_BRK_IRQHandler
                0x000000000800068c                EXTI1_IRQHandler
                0x000000000800068c                USART2_IRQHandler
                0x000000000800068c                I2C2_ER_IRQHandler
                0x000000000800068c                DMA1_Channel2_IRQHandler
                0x000000000800068c                CAN1_SCE_IRQHandler
                0x000000000800068c                FLASH_IRQHandler
                0x000000000800068c                I2C1_ER_IRQHandler
                0x000000000800068c                USBWakeUp_IRQHandler
 *fill*         0x000000000800068e        0x2 
 .text.HAL_Init
                0x0000000008000690       0x2c ./Drivers/STM32F1xx_HAL_Driver/Src/stm32f1xx_hal.o
                0x0000000008000690                HAL_Init
 .text.HAL_InitTick
                0x00000000080006bc       0x60 ./Drivers/STM32F1xx_HAL_Driver/Src/stm32f1xx_hal.o
                0x00000000080006bc                HAL_InitTick
 .text.HAL_IncTick
                0x000000000800071c       0x24 ./Drivers/STM32F1xx_HAL_Driver/Src/stm32f1xx_hal.o
                0x000000000800071c                HAL_IncTick
 .text.HAL_GetTick
                0x0000000008000740       0x14 ./Drivers/STM32F1xx_HAL_Driver/Src/stm32f1xx_hal.o
                0x0000000008000740                HAL_GetTick
 .text.__NVIC_SetPriorityGrouping
                0x0000000008000754       0x48 ./Drivers/STM32F1xx_HAL_Driver/Src/stm32f1xx_hal_cortex.o
 .text.__NVIC_GetPriorityGrouping
                0x000000000800079c       0x1c ./Drivers/STM32F1xx_HAL_Driver/Src/stm32f1xx_hal_cortex.o
 .text.__NVIC_EnableIRQ
                0x00000000080007b8       0x38 ./Drivers/STM32F1xx_HAL_Driver/Src/stm32f1xx_hal_cortex.o
 .text.__NVIC_SetPriority
                0x00000000080007f0       0x54 ./Drivers/STM32F1xx_HAL_Driver/Src/stm32f1xx_hal_cortex.o
 .text.NVIC_EncodePriority
                0x0000000008000844       0x64 ./Drivers/STM32F1xx_HAL_Driver/Src/stm32f1xx_hal_cortex.o
 .text.SysTick_Config
                0x00000000080008a8       0x44 ./Drivers/STM32F1xx_HAL_Driver/Src/stm32f1xx_hal_cortex.o
 .text.HAL_NVIC_SetPriorityGrouping
                0x00000000080008ec       0x16 ./Drivers/STM32F1xx_HAL_Driver/Src/stm32f1xx_hal_cortex.o
                0x00000000080008ec                HAL_NVIC_SetPriorityGrouping
 .text.HAL_NVIC_SetPriority
                0x0000000008000902       0x38 ./Drivers/STM32F1xx_HAL_Driver/Src/stm32f1xx_hal_cortex.o
                0x0000000008000902                HAL_NVIC_SetPriority
 .text.HAL_NVIC_EnableIRQ
                0x000000000800093a       0x1c ./Drivers/STM32F1xx_HAL_Driver/Src/stm32f1xx_hal_cortex.o
                0x000000000800093a                HAL_NVIC_EnableIRQ
 .text.HAL_SYSTICK_Config
                0x0000000008000956       0x18 ./Drivers/STM32F1xx_HAL_Driver/Src/stm32f1xx_hal_cortex.o
                0x0000000008000956                HAL_SYSTICK_Config
 *fill*         0x000000000800096e        0x2 
 .text.HAL_DMA_Init
                0x0000000008000970       0xb4 ./Drivers/STM32F1xx_HAL_Driver/Src/stm32f1xx_hal_dma.o
                0x0000000008000970                HAL_DMA_Init
 .text.HAL_DMA_Start_IT
                0x0000000008000a24       0xc0 ./Drivers/STM32F1xx_HAL_Driver/Src/stm32f1xx_hal_dma.o
                0x0000000008000a24                HAL_DMA_Start_IT
 .text.HAL_DMA_Abort
                0x0000000008000ae4       0x76 ./Drivers/STM32F1xx_HAL_Driver/Src/stm32f1xx_hal_dma.o
                0x0000000008000ae4                HAL_DMA_Abort
 *fill*         0x0000000008000b5a        0x2 
 .text.HAL_DMA_Abort_IT
                0x0000000008000b5c       0xf0 ./Drivers/STM32F1xx_HAL_Driver/Src/stm32f1xx_hal_dma.o
                0x0000000008000b5c                HAL_DMA_Abort_IT
 .text.HAL_DMA_IRQHandler
                0x0000000008000c4c      0x20c ./Drivers/STM32F1xx_HAL_Driver/Src/stm32f1xx_hal_dma.o
                0x0000000008000c4c                HAL_DMA_IRQHandler
 .text.DMA_SetConfig
                0x0000000008000e58       0x5a ./Drivers/STM32F1xx_HAL_Driver/Src/stm32f1xx_hal_dma.o
 *fill*         0x0000000008000eb2        0x2 
 .text.HAL_GPIO_Init
                0x0000000008000eb4      0x308 ./Drivers/STM32F1xx_HAL_Driver/Src/stm32f1xx_hal_gpio.o
                0x0000000008000eb4                HAL_GPIO_Init
 .text.HAL_RCC_OscConfig
                0x00000000080011bc      0x504 ./Drivers/STM32F1xx_HAL_Driver/Src/stm32f1xx_hal_rcc.o
                0x00000000080011bc                HAL_RCC_OscConfig
 .text.HAL_RCC_ClockConfig
                0x00000000080016c0      0x1d4 ./Drivers/STM32F1xx_HAL_Driver/Src/stm32f1xx_hal_rcc.o
                0x00000000080016c0                HAL_RCC_ClockConfig
 .text.HAL_RCC_GetSysClockFreq
                0x0000000008001894       0xa8 ./Drivers/STM32F1xx_HAL_Driver/Src/stm32f1xx_hal_rcc.o
                0x0000000008001894                HAL_RCC_GetSysClockFreq
 .text.HAL_RCC_GetHCLKFreq
                0x000000000800193c       0x14 ./Drivers/STM32F1xx_HAL_Driver/Src/stm32f1xx_hal_rcc.o
                0x000000000800193c                HAL_RCC_GetHCLKFreq
 .text.HAL_RCC_GetPCLK1Freq
                0x0000000008001950       0x28 ./Drivers/STM32F1xx_HAL_Driver/Src/stm32f1xx_hal_rcc.o
                0x0000000008001950                HAL_RCC_GetPCLK1Freq
 .text.HAL_RCC_GetPCLK2Freq
                0x0000000008001978       0x28 ./Drivers/STM32F1xx_HAL_Driver/Src/stm32f1xx_hal_rcc.o
                0x0000000008001978                HAL_RCC_GetPCLK2Freq
 .text.RCC_Delay
                0x00000000080019a0       0x3c ./Drivers/STM32F1xx_HAL_Driver/Src/stm32f1xx_hal_rcc.o
 .text.HAL_UART_Init
                0x00000000080019dc       0xa0 ./Drivers/STM32F1xx_HAL_Driver/Src/stm32f1xx_hal_uart.o
                0x00000000080019dc                HAL_UART_Init
 .text.HAL_UART_Receive_DMA
                0x0000000008001a7c       0x4a ./Drivers/STM32F1xx_HAL_Driver/Src/stm32f1xx_hal_uart.o
                0x0000000008001a7c                HAL_UART_Receive_DMA
 .text.HAL_UART_DMAStop
                0x0000000008001ac6       0xfe ./Drivers/STM32F1xx_HAL_Driver/Src/stm32f1xx_hal_uart.o
                0x0000000008001ac6                HAL_UART_DMAStop
 .text.HAL_UART_IRQHandler
                0x0000000008001bc4      0x524 ./Drivers/STM32F1xx_HAL_Driver/Src/stm32f1xx_hal_uart.o
                0x0000000008001bc4                HAL_UART_IRQHandler
 .text.HAL_UART_TxCpltCallback
                0x00000000080020e8       0x12 ./Drivers/STM32F1xx_HAL_Driver/Src/stm32f1xx_hal_uart.o
                0x00000000080020e8                HAL_UART_TxCpltCallback
 .text.HAL_UART_RxCpltCallback
                0x00000000080020fa       0x12 ./Drivers/STM32F1xx_HAL_Driver/Src/stm32f1xx_hal_uart.o
                0x00000000080020fa                HAL_UART_RxCpltCallback
 .text.HAL_UART_RxHalfCpltCallback
                0x000000000800210c       0x12 ./Drivers/STM32F1xx_HAL_Driver/Src/stm32f1xx_hal_uart.o
                0x000000000800210c                HAL_UART_RxHalfCpltCallback
 .text.HAL_UART_ErrorCallback
                0x000000000800211e       0x12 ./Drivers/STM32F1xx_HAL_Driver/Src/stm32f1xx_hal_uart.o
                0x000000000800211e                HAL_UART_ErrorCallback
 .text.HAL_UARTEx_RxEventCallback
                0x0000000008002130       0x16 ./Drivers/STM32F1xx_HAL_Driver/Src/stm32f1xx_hal_uart.o
                0x0000000008002130                HAL_UARTEx_RxEventCallback
 .text.UART_DMAReceiveCplt
                0x0000000008002146      0x12c ./Drivers/STM32F1xx_HAL_Driver/Src/stm32f1xx_hal_uart.o
 .text.UART_DMARxHalfCplt
                0x0000000008002272       0x3c ./Drivers/STM32F1xx_HAL_Driver/Src/stm32f1xx_hal_uart.o
 .text.UART_DMAError
                0x00000000080022ae       0x94 ./Drivers/STM32F1xx_HAL_Driver/Src/stm32f1xx_hal_uart.o
 *fill*         0x0000000008002342        0x2 
 .text.UART_Start_Receive_DMA
                0x0000000008002344      0x134 ./Drivers/STM32F1xx_HAL_Driver/Src/stm32f1xx_hal_uart.o
                0x0000000008002344                UART_Start_Receive_DMA
 .text.UART_EndTxTransfer
                0x0000000008002478       0x4e ./Drivers/STM32F1xx_HAL_Driver/Src/stm32f1xx_hal_uart.o
 .text.UART_EndRxTransfer
                0x00000000080024c6       0xc4 ./Drivers/STM32F1xx_HAL_Driver/Src/stm32f1xx_hal_uart.o
 .text.UART_DMAAbortOnError
                0x000000000800258a       0x28 ./Drivers/STM32F1xx_HAL_Driver/Src/stm32f1xx_hal_uart.o
 .text.UART_Transmit_IT
                0x00000000080025b2       0x9e ./Drivers/STM32F1xx_HAL_Driver/Src/stm32f1xx_hal_uart.o
 .text.UART_EndTransmit_IT
                0x0000000008002650       0x30 ./Drivers/STM32F1xx_HAL_Driver/Src/stm32f1xx_hal_uart.o
 .text.UART_Receive_IT
                0x0000000008002680      0x17c ./Drivers/STM32F1xx_HAL_Driver/Src/stm32f1xx_hal_uart.o
 .text.UART_SetConfig
                0x00000000080027fc      0x11c ./Drivers/STM32F1xx_HAL_Driver/Src/stm32f1xx_hal_uart.o
 .text.__libc_init_array
                0x0000000008002918       0x48 c:/st/stm32cubeide_1.9.0/stm32cubeide/plugins/com.st.stm32cube.ide.mcu.externaltools.gnu-tools-for-stm32.10.3-2021.10.win32_1.0.0.202111181127/tools/bin/../lib/gcc/arm-none-eabi/10.3.1/../../../../arm-none-eabi/lib/thumb/v7-m/nofp\libc_nano.a(lib_a-init.o)
                0x0000000008002918                __libc_init_array
 .text.memset   0x0000000008002960       0x10 c:/st/stm32cubeide_1.9.0/stm32cubeide/plugins/com.st.stm32cube.ide.mcu.externaltools.gnu-tools-for-stm32.10.3-2021.10.win32_1.0.0.202111181127/tools/bin/../lib/gcc/arm-none-eabi/10.3.1/../../../../arm-none-eabi/lib/thumb/v7-m/nofp\libc_nano.a(lib_a-memset.o)
                0x0000000008002960                memset
 *(.glue_7)
 .glue_7        0x0000000008002970        0x0 linker stubs
 *(.glue_7t)
 .glue_7t       0x0000000008002970        0x0 linker stubs
 *(.eh_frame)
 .eh_frame      0x0000000008002970        0x0 c:/st/stm32cubeide_1.9.0/stm32cubeide/plugins/com.st.stm32cube.ide.mcu.externaltools.gnu-tools-for-stm32.10.3-2021.10.win32_1.0.0.202111181127/tools/bin/../lib/gcc/arm-none-eabi/10.3.1/thumb/v7-m/nofp/crtbegin.o
 *(.init)
 .init          0x0000000008002970        0x4 c:/st/stm32cubeide_1.9.0/stm32cubeide/plugins/com.st.stm32cube.ide.mcu.externaltools.gnu-tools-for-stm32.10.3-2021.10.win32_1.0.0.202111181127/tools/bin/../lib/gcc/arm-none-eabi/10.3.1/thumb/v7-m/nofp/crti.o
                0x0000000008002970                _init
 .init          0x0000000008002974        0x8 c:/st/stm32cubeide_1.9.0/stm32cubeide/plugins/com.st.stm32cube.ide.mcu.externaltools.gnu-tools-for-stm32.10.3-2021.10.win32_1.0.0.202111181127/tools/bin/../lib/gcc/arm-none-eabi/10.3.1/thumb/v7-m/nofp/crtn.o
 *(.fini)
 .fini          0x000000000800297c        0x4 c:/st/stm32cubeide_1.9.0/stm32cubeide/plugins/com.st.stm32cube.ide.mcu.externaltools.gnu-tools-for-stm32.10.3-2021.10.win32_1.0.0.202111181127/tools/bin/../lib/gcc/arm-none-eabi/10.3.1/thumb/v7-m/nofp/crti.o
                0x000000000800297c                _fini
 .fini          0x0000000008002980        0x8 c:/st/stm32cubeide_1.9.0/stm32cubeide/plugins/com.st.stm32cube.ide.mcu.externaltools.gnu-tools-for-stm32.10.3-2021.10.win32_1.0.0.202111181127/tools/bin/../lib/gcc/arm-none-eabi/10.3.1/thumb/v7-m/nofp/crtn.o
                0x0000000008002988                . = ALIGN (0x4)
                0x0000000008002988                _etext = .

.vfp11_veneer   0x0000000008002988        0x0
 .vfp11_veneer  0x0000000008002988        0x0 linker stubs

.v4_bx          0x0000000008002988        0x0
 .v4_bx         0x0000000008002988        0x0 linker stubs

.iplt           0x0000000008002988        0x0
 .iplt          0x0000000008002988        0x0 c:/st/stm32cubeide_1.9.0/stm32cubeide/plugins/com.st.stm32cube.ide.mcu.externaltools.gnu-tools-for-stm32.10.3-2021.10.win32_1.0.0.202111181127/tools/bin/../lib/gcc/arm-none-eabi/10.3.1/thumb/v7-m/nofp/crtbegin.o

.rodata         0x0000000008002988       0x2c
                0x0000000008002988                . = ALIGN (0x4)
 *(.rodata)
 *(.rodata*)
 .rodata.AHBPrescTable
                0x0000000008002988       0x10 ./Core/Src/system_stm32f1xx.o
                0x0000000008002988                AHBPrescTable
 .rodata.APBPrescTable
                0x0000000008002998        0x8 ./Core/Src/system_stm32f1xx.o
                0x0000000008002998                APBPrescTable
 .rodata.aPLLMULFactorTable.1
                0x00000000080029a0       0x10 ./Drivers/STM32F1xx_HAL_Driver/Src/stm32f1xx_hal_rcc.o
 .rodata.aPredivFactorTable.0
                0x00000000080029b0        0x2 ./Drivers/STM32F1xx_HAL_Driver/Src/stm32f1xx_hal_rcc.o
                0x00000000080029b4                . = ALIGN (0x4)
 *fill*         0x00000000080029b2        0x2 

.rel.dyn        0x00000000080029b4        0x0
 .rel.iplt      0x00000000080029b4        0x0 c:/st/stm32cubeide_1.9.0/stm32cubeide/plugins/com.st.stm32cube.ide.mcu.externaltools.gnu-tools-for-stm32.10.3-2021.10.win32_1.0.0.202111181127/tools/bin/../lib/gcc/arm-none-eabi/10.3.1/thumb/v7-m/nofp/crtbegin.o

.ARM.extab      0x00000000080029b4        0x0
                0x00000000080029b4                . = ALIGN (0x4)
 *(.ARM.extab* .gnu.linkonce.armextab.*)
                0x00000000080029b4                . = ALIGN (0x4)

.ARM            0x00000000080029b4        0x0
                0x00000000080029b4                . = ALIGN (0x4)
                0x00000000080029b4                __exidx_start = .
 *(.ARM.exidx*)
                0x00000000080029b4                __exidx_end = .
                0x00000000080029b4                . = ALIGN (0x4)

.preinit_array  0x00000000080029b4        0x0
                0x00000000080029b4                . = ALIGN (0x4)
                0x00000000080029b4                PROVIDE (__preinit_array_start = .)
 *(.preinit_array*)
                0x00000000080029b4                PROVIDE (__preinit_array_end = .)
                0x00000000080029b4                . = ALIGN (0x4)

.init_array     0x00000000080029b4        0x4
                0x00000000080029b4                . = ALIGN (0x4)
                0x00000000080029b4                PROVIDE (__init_array_start = .)
 *(SORT_BY_NAME(.init_array.*))
 *(.init_array*)
 .init_array    0x00000000080029b4        0x4 c:/st/stm32cubeide_1.9.0/stm32cubeide/plugins/com.st.stm32cube.ide.mcu.externaltools.gnu-tools-for-stm32.10.3-2021.10.win32_1.0.0.202111181127/tools/bin/../lib/gcc/arm-none-eabi/10.3.1/thumb/v7-m/nofp/crtbegin.o
                0x00000000080029b8                PROVIDE (__init_array_end = .)
                0x00000000080029b8                . = ALIGN (0x4)

.fini_array     0x00000000080029b8        0x4
                0x00000000080029b8                . = ALIGN (0x4)
                [!provide]                        PROVIDE (__fini_array_start = .)
 *(SORT_BY_NAME(.fini_array.*))
 *(.fini_array*)
 .fini_array    0x00000000080029b8        0x4 c:/st/stm32cubeide_1.9.0/stm32cubeide/plugins/com.st.stm32cube.ide.mcu.externaltools.gnu-tools-for-stm32.10.3-2021.10.win32_1.0.0.202111181127/tools/bin/../lib/gcc/arm-none-eabi/10.3.1/thumb/v7-m/nofp/crtbegin.o
                [!provide]                        PROVIDE (__fini_array_end = .)
                0x00000000080029bc                . = ALIGN (0x4)
                0x00000000080029bc                _sidata = LOADADDR (.data)

.data           0x0000000020000000        0xc load address 0x00000000080029bc
                0x0000000020000000                . = ALIGN (0x4)
                0x0000000020000000                _sdata = .
 *(.data)
 *(.data*)
 .data.SystemCoreClock
                0x0000000020000000        0x4 ./Core/Src/system_stm32f1xx.o
                0x0000000020000000                SystemCoreClock
 .data.uwTickPrio
                0x0000000020000004        0x4 ./Drivers/STM32F1xx_HAL_Driver/Src/stm32f1xx_hal.o
                0x0000000020000004                uwTickPrio
 .data.uwTickFreq
                0x0000000020000008        0x1 ./Drivers/STM32F1xx_HAL_Driver/Src/stm32f1xx_hal.o
                0x0000000020000008                uwTickFreq
 *(.RamFunc)
 *(.RamFunc*)
                0x000000002000000c                . = ALIGN (0x4)
 *fill*         0x0000000020000009        0x3 
                0x000000002000000c                _edata = .

.igot.plt       0x000000002000000c        0x0 load address 0x00000000080029c8
 .igot.plt      0x000000002000000c        0x0 c:/st/stm32cubeide_1.9.0/stm32cubeide/plugins/com.st.stm32cube.ide.mcu.externaltools.gnu-tools-for-stm32.10.3-2021.10.win32_1.0.0.202111181127/tools/bin/../lib/gcc/arm-none-eabi/10.3.1/thumb/v7-m/nofp/crtbegin.o
                0x000000002000000c                . = ALIGN (0x4)

.bss            0x000000002000000c      0x134 load address 0x00000000080029c8
                0x000000002000000c                _sbss = .
                0x000000002000000c                __bss_start__ = _sbss
 *(.bss)
 .bss           0x000000002000000c       0x1c c:/st/stm32cubeide_1.9.0/stm32cubeide/plugins/com.st.stm32cube.ide.mcu.externaltools.gnu-tools-for-stm32.10.3-2021.10.win32_1.0.0.202111181127/tools/bin/../lib/gcc/arm-none-eabi/10.3.1/thumb/v7-m/nofp/crtbegin.o
 *(.bss*)
 .bss.g_usart1_rx_buf
                0x0000000020000028       0x40 ./Core/Src/main.o
                0x0000000020000028                g_usart1_rx_buf
 .bss.distance  0x0000000020000068        0x2 ./Core/Src/main.o
                0x0000000020000068                distance
 *fill*         0x000000002000006a        0x2 
 .bss.huart1    0x000000002000006c       0x48 ./Core/Src/usart.o
                0x000000002000006c                huart1
 .bss.hdma_usart1_rx
                0x00000000200000b4       0x44 ./Core/Src/usart.o
                0x00000000200000b4                hdma_usart1_rx
 .bss.hdma_usart1_tx
                0x00000000200000f8       0x44 ./Core/Src/usart.o
                0x00000000200000f8                hdma_usart1_tx
 .bss.uwTick    0x000000002000013c        0x4 ./Drivers/STM32F1xx_HAL_Driver/Src/stm32f1xx_hal.o
                0x000000002000013c                uwTick
 *(COMMON)
                0x0000000020000140                . = ALIGN (0x4)
                0x0000000020000140                _ebss = .
                0x0000000020000140                __bss_end__ = _ebss

._user_heap_stack
                0x0000000020000140      0x600 load address 0x00000000080029c8
                0x0000000020000140                . = ALIGN (0x8)
                [!provide]                        PROVIDE (end = .)
                0x0000000020000140                PROVIDE (_end = .)
                0x0000000020000340                . = (. + _Min_Heap_Size)
 *fill*         0x0000000020000140      0x200 
                0x0000000020000740                . = (. + _Min_Stack_Size)
 *fill*         0x0000000020000340      0x400 
                0x0000000020000740                . = ALIGN (0x8)

/DISCARD/
 libc.a(*)
 libm.a(*)
 libgcc.a(*)

.ARM.attributes
                0x0000000000000000       0x29
 *(.ARM.attributes)
 .ARM.attributes
                0x0000000000000000       0x1d c:/st/stm32cubeide_1.9.0/stm32cubeide/plugins/com.st.stm32cube.ide.mcu.externaltools.gnu-tools-for-stm32.10.3-2021.10.win32_1.0.0.202111181127/tools/bin/../lib/gcc/arm-none-eabi/10.3.1/thumb/v7-m/nofp/crti.o
 .ARM.attributes
                0x000000000000001d       0x2d c:/st/stm32cubeide_1.9.0/stm32cubeide/plugins/com.st.stm32cube.ide.mcu.externaltools.gnu-tools-for-stm32.10.3-2021.10.win32_1.0.0.202111181127/tools/bin/../lib/gcc/arm-none-eabi/10.3.1/thumb/v7-m/nofp/crtbegin.o
 .ARM.attributes
                0x000000000000004a       0x2d ./Core/Src/dma.o
 .ARM.attributes
                0x0000000000000077       0x2d ./Core/Src/gpio.o
 .ARM.attributes
                0x00000000000000a4       0x2d ./Core/Src/main.o
 .ARM.attributes
                0x00000000000000d1       0x2d ./Core/Src/stm32f1xx_hal_msp.o
 .ARM.attributes
                0x00000000000000fe       0x2d ./Core/Src/stm32f1xx_it.o
 .ARM.attributes
                0x000000000000012b       0x2d ./Core/Src/system_stm32f1xx.o
 .ARM.attributes
                0x0000000000000158       0x2d ./Core/Src/usart.o
 .ARM.attributes
                0x0000000000000185       0x21 ./Core/Startup/startup_stm32f103c8tx.o
 .ARM.attributes
                0x00000000000001a6       0x2d ./Drivers/STM32F1xx_HAL_Driver/Src/stm32f1xx_hal.o
 .ARM.attributes
                0x00000000000001d3       0x2d ./Drivers/STM32F1xx_HAL_Driver/Src/stm32f1xx_hal_cortex.o
 .ARM.attributes
                0x0000000000000200       0x2d ./Drivers/STM32F1xx_HAL_Driver/Src/stm32f1xx_hal_dma.o
 .ARM.attributes
                0x000000000000022d       0x2d ./Drivers/STM32F1xx_HAL_Driver/Src/stm32f1xx_hal_gpio.o
 .ARM.attributes
                0x000000000000025a       0x2d ./Drivers/STM32F1xx_HAL_Driver/Src/stm32f1xx_hal_rcc.o
 .ARM.attributes
                0x0000000000000287       0x2d ./Drivers/STM32F1xx_HAL_Driver/Src/stm32f1xx_hal_uart.o
 .ARM.attributes
                0x00000000000002b4       0x2d c:/st/stm32cubeide_1.9.0/stm32cubeide/plugins/com.st.stm32cube.ide.mcu.externaltools.gnu-tools-for-stm32.10.3-2021.10.win32_1.0.0.202111181127/tools/bin/../lib/gcc/arm-none-eabi/10.3.1/../../../../arm-none-eabi/lib/thumb/v7-m/nofp\libc_nano.a(lib_a-init.o)
 .ARM.attributes
                0x00000000000002e1       0x2d c:/st/stm32cubeide_1.9.0/stm32cubeide/plugins/com.st.stm32cube.ide.mcu.externaltools.gnu-tools-for-stm32.10.3-2021.10.win32_1.0.0.202111181127/tools/bin/../lib/gcc/arm-none-eabi/10.3.1/../../../../arm-none-eabi/lib/thumb/v7-m/nofp\libc_nano.a(lib_a-memset.o)
 .ARM.attributes
                0x000000000000030e       0x1d c:/st/stm32cubeide_1.9.0/stm32cubeide/plugins/com.st.stm32cube.ide.mcu.externaltools.gnu-tools-for-stm32.10.3-2021.10.win32_1.0.0.202111181127/tools/bin/../lib/gcc/arm-none-eabi/10.3.1/thumb/v7-m/nofp/crtn.o
OUTPUT(testTFMiniPlus.elf elf32-littlearm)
LOAD linker stubs
LOAD c:/st/stm32cubeide_1.9.0/stm32cubeide/plugins/com.st.stm32cube.ide.mcu.externaltools.gnu-tools-for-stm32.10.3-2021.10.win32_1.0.0.202111181127/tools/bin/../lib/gcc/arm-none-eabi/10.3.1/../../../../arm-none-eabi/lib/thumb/v7-m/nofp\libc.a
LOAD c:/st/stm32cubeide_1.9.0/stm32cubeide/plugins/com.st.stm32cube.ide.mcu.externaltools.gnu-tools-for-stm32.10.3-2021.10.win32_1.0.0.202111181127/tools/bin/../lib/gcc/arm-none-eabi/10.3.1/../../../../arm-none-eabi/lib/thumb/v7-m/nofp\libm.a
LOAD c:/st/stm32cubeide_1.9.0/stm32cubeide/plugins/com.st.stm32cube.ide.mcu.externaltools.gnu-tools-for-stm32.10.3-2021.10.win32_1.0.0.202111181127/tools/bin/../lib/gcc/arm-none-eabi/10.3.1/thumb/v7-m/nofp\libgcc.a

.debug_info     0x0000000000000000     0x7c50
 .debug_info    0x0000000000000000      0x2e6 ./Core/Src/dma.o
 .debug_info    0x00000000000002e6      0x180 ./Core/Src/gpio.o
 .debug_info    0x0000000000000466      0x84e ./Core/Src/main.o
 .debug_info    0x0000000000000cb4      0x210 ./Core/Src/stm32f1xx_hal_msp.o
 .debug_info    0x0000000000000ec4      0x771 ./Core/Src/stm32f1xx_it.o
 .debug_info    0x0000000000001635      0x23d ./Core/Src/system_stm32f1xx.o
 .debug_info    0x0000000000001872      0x9f8 ./Core/Src/usart.o
 .debug_info    0x000000000000226a       0x22 ./Core/Startup/startup_stm32f103c8tx.o
 .debug_info    0x000000000000228c      0x734 ./Drivers/STM32F1xx_HAL_Driver/Src/stm32f1xx_hal.o
 .debug_info    0x00000000000029c0      0xb20 ./Drivers/STM32F1xx_HAL_Driver/Src/stm32f1xx_hal_cortex.o
 .debug_info    0x00000000000034e0      0x744 ./Drivers/STM32F1xx_HAL_Driver/Src/stm32f1xx_hal_dma.o
 .debug_info    0x0000000000003c24      0x615 ./Drivers/STM32F1xx_HAL_Driver/Src/stm32f1xx_hal_gpio.o
 .debug_info    0x0000000000004239      0x865 ./Drivers/STM32F1xx_HAL_Driver/Src/stm32f1xx_hal_rcc.o
 .debug_info    0x0000000000004a9e     0x31b2 ./Drivers/STM32F1xx_HAL_Driver/Src/stm32f1xx_hal_uart.o

.debug_abbrev   0x0000000000000000     0x1825
 .debug_abbrev  0x0000000000000000       0xf8 ./Core/Src/dma.o
 .debug_abbrev  0x00000000000000f8       0xc2 ./Core/Src/gpio.o
 .debug_abbrev  0x00000000000001ba      0x228 ./Core/Src/main.o
 .debug_abbrev  0x00000000000003e2       0xd4 ./Core/Src/stm32f1xx_hal_msp.o
 .debug_abbrev  0x00000000000004b6      0x1f4 ./Core/Src/stm32f1xx_it.o
 .debug_abbrev  0x00000000000006aa      0x13b ./Core/Src/system_stm32f1xx.o
 .debug_abbrev  0x00000000000007e5      0x206 ./Core/Src/usart.o
 .debug_abbrev  0x00000000000009eb       0x12 ./Core/Startup/startup_stm32f103c8tx.o
 .debug_abbrev  0x00000000000009fd      0x1fb ./Drivers/STM32F1xx_HAL_Driver/Src/stm32f1xx_hal.o
 .debug_abbrev  0x0000000000000bf8      0x2ed ./Drivers/STM32F1xx_HAL_Driver/Src/stm32f1xx_hal_cortex.o
 .debug_abbrev  0x0000000000000ee5      0x1fe ./Drivers/STM32F1xx_HAL_Driver/Src/stm32f1xx_hal_dma.o
 .debug_abbrev  0x00000000000010e3      0x1bb ./Drivers/STM32F1xx_HAL_Driver/Src/stm32f1xx_hal_gpio.o
 .debug_abbrev  0x000000000000129e      0x2a8 ./Drivers/STM32F1xx_HAL_Driver/Src/stm32f1xx_hal_rcc.o
 .debug_abbrev  0x0000000000001546      0x2df ./Drivers/STM32F1xx_HAL_Driver/Src/stm32f1xx_hal_uart.o

.debug_aranges  0x0000000000000000      0x6e0
 .debug_aranges
                0x0000000000000000       0x20 ./Core/Src/dma.o
 .debug_aranges
                0x0000000000000020       0x20 ./Core/Src/gpio.o
 .debug_aranges
                0x0000000000000040       0x38 ./Core/Src/main.o
 .debug_aranges
                0x0000000000000078       0x20 ./Core/Src/stm32f1xx_hal_msp.o
 .debug_aranges
                0x0000000000000098       0x78 ./Core/Src/stm32f1xx_it.o
 .debug_aranges
                0x0000000000000110       0x28 ./Core/Src/system_stm32f1xx.o
 .debug_aranges
                0x0000000000000138       0x30 ./Core/Src/usart.o
 .debug_aranges
                0x0000000000000168       0x28 ./Core/Startup/startup_stm32f103c8tx.o
 .debug_aranges
                0x0000000000000190       0xe0 ./Drivers/STM32F1xx_HAL_Driver/Src/stm32f1xx_hal.o
 .debug_aranges
                0x0000000000000270      0x100 ./Drivers/STM32F1xx_HAL_Driver/Src/stm32f1xx_hal_cortex.o
 .debug_aranges
                0x0000000000000370       0x80 ./Drivers/STM32F1xx_HAL_Driver/Src/stm32f1xx_hal_dma.o
 .debug_aranges
                0x00000000000003f0       0x58 ./Drivers/STM32F1xx_HAL_Driver/Src/stm32f1xx_hal_gpio.o
 .debug_aranges
                0x0000000000000448       0x90 ./Drivers/STM32F1xx_HAL_Driver/Src/stm32f1xx_hal_rcc.o
 .debug_aranges
                0x00000000000004d8      0x208 ./Drivers/STM32F1xx_HAL_Driver/Src/stm32f1xx_hal_uart.o

.debug_ranges   0x0000000000000000      0x638
 .debug_ranges  0x0000000000000000       0x10 ./Core/Src/dma.o
 .debug_ranges  0x0000000000000010       0x10 ./Core/Src/gpio.o
 .debug_ranges  0x0000000000000020       0x28 ./Core/Src/main.o
 .debug_ranges  0x0000000000000048       0x10 ./Core/Src/stm32f1xx_hal_msp.o
 .debug_ranges  0x0000000000000058       0x68 ./Core/Src/stm32f1xx_it.o
 .debug_ranges  0x00000000000000c0       0x18 ./Core/Src/system_stm32f1xx.o
 .debug_ranges  0x00000000000000d8       0x20 ./Core/Src/usart.o
 .debug_ranges  0x00000000000000f8       0x20 ./Core/Startup/startup_stm32f103c8tx.o
 .debug_ranges  0x0000000000000118       0xd0 ./Drivers/STM32F1xx_HAL_Driver/Src/stm32f1xx_hal.o
 .debug_ranges  0x00000000000001e8       0xf0 ./Drivers/STM32F1xx_HAL_Driver/Src/stm32f1xx_hal_cortex.o
 .debug_ranges  0x00000000000002d8       0x70 ./Drivers/STM32F1xx_HAL_Driver/Src/stm32f1xx_hal_dma.o
 .debug_ranges  0x0000000000000348       0x48 ./Drivers/STM32F1xx_HAL_Driver/Src/stm32f1xx_hal_gpio.o
 .debug_ranges  0x0000000000000390       0x80 ./Drivers/STM32F1xx_HAL_Driver/Src/stm32f1xx_hal_rcc.o
 .debug_ranges  0x0000000000000410      0x228 ./Drivers/STM32F1xx_HAL_Driver/Src/stm32f1xx_hal_uart.o

.debug_macro    0x0000000000000000    0x17018
 .debug_macro   0x0000000000000000      0x1a8 ./Core/Src/dma.o
 .debug_macro   0x00000000000001a8      0xa6c ./Core/Src/dma.o
 .debug_macro   0x0000000000000c14      0x21b ./Core/Src/dma.o
 .debug_macro   0x0000000000000e2f       0x2e ./Core/Src/dma.o
 .debug_macro   0x0000000000000e5d       0x22 ./Core/Src/dma.o
 .debug_macro   0x0000000000000e7f       0x22 ./Core/Src/dma.o
 .debug_macro   0x0000000000000ea1       0x8e ./Core/Src/dma.o
 .debug_macro   0x0000000000000f2f       0x51 ./Core/Src/dma.o
 .debug_macro   0x0000000000000f80      0x103 ./Core/Src/dma.o
 .debug_macro   0x0000000000001083       0x6a ./Core/Src/dma.o
 .debug_macro   0x00000000000010ed      0x1df ./Core/Src/dma.o
 .debug_macro   0x00000000000012cc       0x1c ./Core/Src/dma.o
 .debug_macro   0x00000000000012e8       0x22 ./Core/Src/dma.o
 .debug_macro   0x000000000000130a       0xbd ./Core/Src/dma.o
 .debug_macro   0x00000000000013c7      0xd23 ./Core/Src/dma.o
 .debug_macro   0x00000000000020ea     0xe09e ./Core/Src/dma.o
 .debug_macro   0x0000000000010188       0x6d ./Core/Src/dma.o
 .debug_macro   0x00000000000101f5     0x348d ./Core/Src/dma.o
 .debug_macro   0x0000000000013682      0x174 ./Core/Src/dma.o
 .debug_macro   0x00000000000137f6       0x5c ./Core/Src/dma.o
 .debug_macro   0x0000000000013852      0x5bc ./Core/Src/dma.o
 .debug_macro   0x0000000000013e0e      0x289 ./Core/Src/dma.o
 .debug_macro   0x0000000000014097      0x1cb ./Core/Src/dma.o
 .debug_macro   0x0000000000014262      0x114 ./Core/Src/dma.o
 .debug_macro   0x0000000000014376      0x1b2 ./Core/Src/dma.o
 .debug_macro   0x0000000000014528       0x27 ./Core/Src/dma.o
 .debug_macro   0x000000000001454f      0x136 ./Core/Src/dma.o
 .debug_macro   0x0000000000014685      0x1bc ./Core/Src/dma.o
 .debug_macro   0x0000000000014841       0x34 ./Core/Src/dma.o
 .debug_macro   0x0000000000014875       0x3c ./Core/Src/dma.o
 .debug_macro   0x00000000000148b1       0x57 ./Core/Src/dma.o
 .debug_macro   0x0000000000014908       0x87 ./Core/Src/dma.o
 .debug_macro   0x000000000001498f      0x240 ./Core/Src/dma.o
 .debug_macro   0x0000000000014bcf      0x140 ./Core/Src/dma.o
 .debug_macro   0x0000000000014d0f      0x28e ./Core/Src/dma.o
 .debug_macro   0x0000000000014f9d       0x83 ./Core/Src/dma.o
 .debug_macro   0x0000000000015020      0x1a8 ./Core/Src/gpio.o
 .debug_macro   0x00000000000151c8      0x331 ./Core/Src/main.o
 .debug_macro   0x00000000000154f9       0x52 ./Core/Src/main.o
 .debug_macro   0x000000000001554b       0x18 ./Core/Src/main.o
 .debug_macro   0x0000000000015563       0x3c ./Core/Src/main.o
 .debug_macro   0x000000000001559f       0x34 ./Core/Src/main.o
 .debug_macro   0x00000000000155d3       0x16 ./Core/Src/main.o
 .debug_macro   0x00000000000155e9       0x35 ./Core/Src/main.o
 .debug_macro   0x000000000001561e      0x341 ./Core/Src/main.o
 .debug_macro   0x000000000001595f       0x10 ./Core/Src/main.o
 .debug_macro   0x000000000001596f       0x16 ./Core/Src/main.o
 .debug_macro   0x0000000000015985       0x43 ./Core/Src/main.o
 .debug_macro   0x00000000000159c8       0x34 ./Core/Src/main.o
 .debug_macro   0x00000000000159fc       0x10 ./Core/Src/main.o
 .debug_macro   0x0000000000015a0c       0x58 ./Core/Src/main.o
 .debug_macro   0x0000000000015a64       0x71 ./Core/Src/main.o
 .debug_macro   0x0000000000015ad5       0x1c ./Core/Src/main.o
 .debug_macro   0x0000000000015af1      0x12a ./Core/Src/main.o
 .debug_macro   0x0000000000015c1b       0x10 ./Core/Src/main.o
 .debug_macro   0x0000000000015c2b       0x1c ./Core/Src/main.o
 .debug_macro   0x0000000000015c47       0x52 ./Core/Src/main.o
 .debug_macro   0x0000000000015c99       0x22 ./Core/Src/main.o
 .debug_macro   0x0000000000015cbb       0x10 ./Core/Src/main.o
 .debug_macro   0x0000000000015ccb       0x52 ./Core/Src/main.o
 .debug_macro   0x0000000000015d1d       0xd5 ./Core/Src/main.o
 .debug_macro   0x0000000000015df2       0x1c ./Core/Src/main.o
 .debug_macro   0x0000000000015e0e       0x3d ./Core/Src/main.o
 .debug_macro   0x0000000000015e4b       0x16 ./Core/Src/main.o
 .debug_macro   0x0000000000015e61      0x145 ./Core/Src/main.o
 .debug_macro   0x0000000000015fa6      0x19e ./Core/Src/stm32f1xx_hal_msp.o
 .debug_macro   0x0000000000016144      0x1a8 ./Core/Src/stm32f1xx_it.o
 .debug_macro   0x00000000000162ec      0x18e ./Core/Src/system_stm32f1xx.o
 .debug_macro   0x000000000001647a      0x1a8 ./Core/Src/usart.o
 .debug_macro   0x0000000000016622      0x1b2 ./Drivers/STM32F1xx_HAL_Driver/Src/stm32f1xx_hal.o
 .debug_macro   0x00000000000167d4      0x18e ./Drivers/STM32F1xx_HAL_Driver/Src/stm32f1xx_hal_cortex.o
 .debug_macro   0x0000000000016962      0x18e ./Drivers/STM32F1xx_HAL_Driver/Src/stm32f1xx_hal_dma.o
 .debug_macro   0x0000000000016af0      0x1f9 ./Drivers/STM32F1xx_HAL_Driver/Src/stm32f1xx_hal_gpio.o
 .debug_macro   0x0000000000016ce9      0x1a0 ./Drivers/STM32F1xx_HAL_Driver/Src/stm32f1xx_hal_rcc.o
 .debug_macro   0x0000000000016e89      0x18f ./Drivers/STM32F1xx_HAL_Driver/Src/stm32f1xx_hal_uart.o

.debug_line     0x0000000000000000     0x90f3
 .debug_line    0x0000000000000000      0x63a ./Core/Src/dma.o
 .debug_line    0x000000000000063a      0x639 ./Core/Src/gpio.o
 .debug_line    0x0000000000000c73      0x917 ./Core/Src/main.o
 .debug_line    0x000000000000158a      0x63d ./Core/Src/stm32f1xx_hal_msp.o
 .debug_line    0x0000000000001bc7      0x76f ./Core/Src/stm32f1xx_it.o
 .debug_line    0x0000000000002336      0x6bb ./Core/Src/system_stm32f1xx.o
 .debug_line    0x00000000000029f1      0x6f5 ./Core/Src/usart.o
 .debug_line    0x00000000000030e6       0x86 ./Core/Startup/startup_stm32f103c8tx.o
 .debug_line    0x000000000000316c      0x8e8 ./Drivers/STM32F1xx_HAL_Driver/Src/stm32f1xx_hal.o
 .debug_line    0x0000000000003a54      0xad0 ./Drivers/STM32F1xx_HAL_Driver/Src/stm32f1xx_hal_cortex.o
 .debug_line    0x0000000000004524      0xd41 ./Drivers/STM32F1xx_HAL_Driver/Src/stm32f1xx_hal_dma.o
 .debug_line    0x0000000000005265      0x981 ./Drivers/STM32F1xx_HAL_Driver/Src/stm32f1xx_hal_gpio.o
 .debug_line    0x0000000000005be6      0xcf4 ./Drivers/STM32F1xx_HAL_Driver/Src/stm32f1xx_hal_rcc.o
 .debug_line    0x00000000000068da     0x2819 ./Drivers/STM32F1xx_HAL_Driver/Src/stm32f1xx_hal_uart.o

.debug_str      0x0000000000000000    0x82123
 .debug_str     0x0000000000000000    0x7c6f8 ./Core/Src/dma.o
                                      0x7ca98 (size before relaxing)
 .debug_str     0x000000000007c6f8       0x2c ./Core/Src/gpio.o
                                      0x7c794 (size before relaxing)
 .debug_str     0x000000000007c724     0x434a ./Core/Src/main.o
                                      0x80b03 (size before relaxing)
 .debug_str     0x0000000000080a6e       0x5a ./Core/Src/stm32f1xx_hal_msp.o
                                      0x7c7c2 (size before relaxing)
 .debug_str     0x0000000000080ac8      0x163 ./Core/Src/stm32f1xx_it.o
                                      0x7ccff (size before relaxing)
 .debug_str     0x0000000000080c2b       0x7e ./Core/Src/system_stm32f1xx.o
                                      0x7c7db (size before relaxing)
 .debug_str     0x0000000000080ca9       0xe2 ./Core/Src/usart.o
                                      0x7cfd7 (size before relaxing)
 .debug_str     0x0000000000080d8b       0x36 ./Core/Startup/startup_stm32f103c8tx.o
                                         0x73 (size before relaxing)
 .debug_str     0x0000000000080dc1      0x38e ./Drivers/STM32F1xx_HAL_Driver/Src/stm32f1xx_hal.o
                                      0x7cf0e (size before relaxing)
 .debug_str     0x000000000008114f      0x294 ./Drivers/STM32F1xx_HAL_Driver/Src/stm32f1xx_hal_cortex.o
                                      0x7ce5a (size before relaxing)
 .debug_str     0x00000000000813e3      0x20b ./Drivers/STM32F1xx_HAL_Driver/Src/stm32f1xx_hal_dma.o
                                      0x7cb84 (size before relaxing)
 .debug_str     0x00000000000815ee      0x31d ./Drivers/STM32F1xx_HAL_Driver/Src/stm32f1xx_hal_gpio.o
                                      0x7cb61 (size before relaxing)
 .debug_str     0x000000000008190b      0x229 ./Drivers/STM32F1xx_HAL_Driver/Src/stm32f1xx_hal_rcc.o
                                      0x7cc0a (size before relaxing)
 .debug_str     0x0000000000081b34      0x5ef ./Drivers/STM32F1xx_HAL_Driver/Src/stm32f1xx_hal_uart.o
                                      0x7d27b (size before relaxing)

.comment        0x0000000000000000       0x50
 .comment       0x0000000000000000       0x50 ./Core/Src/dma.o
                                         0x51 (size before relaxing)
 .comment       0x0000000000000050       0x51 ./Core/Src/gpio.o
 .comment       0x0000000000000050       0x51 ./Core/Src/main.o
 .comment       0x0000000000000050       0x51 ./Core/Src/stm32f1xx_hal_msp.o
 .comment       0x0000000000000050       0x51 ./Core/Src/stm32f1xx_it.o
 .comment       0x0000000000000050       0x51 ./Core/Src/system_stm32f1xx.o
 .comment       0x0000000000000050       0x51 ./Core/Src/usart.o
 .comment       0x0000000000000050       0x51 ./Drivers/STM32F1xx_HAL_Driver/Src/stm32f1xx_hal.o
 .comment       0x0000000000000050       0x51 ./Drivers/STM32F1xx_HAL_Driver/Src/stm32f1xx_hal_cortex.o
 .comment       0x0000000000000050       0x51 ./Drivers/STM32F1xx_HAL_Driver/Src/stm32f1xx_hal_dma.o
 .comment       0x0000000000000050       0x51 ./Drivers/STM32F1xx_HAL_Driver/Src/stm32f1xx_hal_gpio.o
 .comment       0x0000000000000050       0x51 ./Drivers/STM32F1xx_HAL_Driver/Src/stm32f1xx_hal_rcc.o
 .comment       0x0000000000000050       0x51 ./Drivers/STM32F1xx_HAL_Driver/Src/stm32f1xx_hal_uart.o

.debug_frame    0x0000000000000000     0x19b8
 .debug_frame   0x0000000000000000       0x34 ./Core/Src/dma.o
 .debug_frame   0x0000000000000034       0x38 ./Core/Src/gpio.o
 .debug_frame   0x000000000000006c       0x90 ./Core/Src/main.o
 .debug_frame   0x00000000000000fc       0x38 ./Core/Src/stm32f1xx_hal_msp.o
 .debug_frame   0x0000000000000134      0x160 ./Core/Src/stm32f1xx_it.o
 .debug_frame   0x0000000000000294       0x58 ./Core/Src/system_stm32f1xx.o
 .debug_frame   0x00000000000002ec       0x74 ./Core/Src/usart.o
 .debug_frame   0x0000000000000360      0x334 ./Drivers/STM32F1xx_HAL_Driver/Src/stm32f1xx_hal.o
 .debug_frame   0x0000000000000694      0x428 ./Drivers/STM32F1xx_HAL_Driver/Src/stm32f1xx_hal_cortex.o
 .debug_frame   0x0000000000000abc      0x208 ./Drivers/STM32F1xx_HAL_Driver/Src/stm32f1xx_hal_dma.o
 .debug_frame   0x0000000000000cc4      0x14c ./Drivers/STM32F1xx_HAL_Driver/Src/stm32f1xx_hal_gpio.o
 .debug_frame   0x0000000000000e10      0x218 ./Drivers/STM32F1xx_HAL_Driver/Src/stm32f1xx_hal_rcc.o
 .debug_frame   0x0000000000001028      0x944 ./Drivers/STM32F1xx_HAL_Driver/Src/stm32f1xx_hal_uart.o
 .debug_frame   0x000000000000196c       0x2c c:/st/stm32cubeide_1.9.0/stm32cubeide/plugins/com.st.stm32cube.ide.mcu.externaltools.gnu-tools-for-stm32.10.3-2021.10.win32_1.0.0.202111181127/tools/bin/../lib/gcc/arm-none-eabi/10.3.1/../../../../arm-none-eabi/lib/thumb/v7-m/nofp\libc_nano.a(lib_a-init.o)
 .debug_frame   0x0000000000001998       0x20 c:/st/stm32cubeide_1.9.0/stm32cubeide/plugins/com.st.stm32cube.ide.mcu.externaltools.gnu-tools-for-stm32.10.3-2021.10.win32_1.0.0.202111181127/tools/bin/../lib/gcc/arm-none-eabi/10.3.1/../../../../arm-none-eabi/lib/thumb/v7-m/nofp\libc_nano.a(lib_a-memset.o)
